Welcome to Git (version 1.9.5-preview20150319)


Run 'git help git' to display the help index.
Run 'git help <command>' to display help for specific commands.

XINGZHONGSHU@XINGZHONGSHU-PC ~
$ cd learngit/test

XINGZHONGSHU@XINGZHONGSHU-PC ~/learngit/test (master)
$ git add readme.txt

XINGZHONGSHU@XINGZHONGSHU-PC ~/learngit/test (master)
$ git commit -m "yuan bing su xue"
[master ecc3c02] yuan bing su xue
 1 file changed, 2 insertions(+), 1 deletion(-)

XINGZHONGSHU@XINGZHONGSHU-PC ~/learngit/test (master)
$ git push origin master
Warning: Permanently added the RSA host key for IP address '192.30.252.129' to t
he list of known hosts.
Counting objects: 5, done.
Delta compression using up to 4 threads.
Compressing objects: 100% (3/3), done.
Writing objects: 100% (3/3), 337 bytes | 0 bytes/s, done.
Total 3 (delta 1), reused 0 (delta 0)
To git@github.com:xingzhongshu/test.git
   e29c6cf..ecc3c02  master -> master

XINGZHONGSHU@XINGZHONGSHU-PC ~/learngit/test (master)
$ git status
On branch master
Your branch is up-to-date with 'origin/master'.

Untracked files:
  (use "git add <file>..." to include in what will be committed)

        cd

nothing added to commit but untracked files present (use "git add" to track)

XINGZHONGSHU@XINGZHONGSHU-PC ~/learngit/test (master)
$